%!Adobe-FontList 1.22
%Locale:0x80a

%BeginFont
Handler:DirectoryHandler
FontType:TrueType
FontName:ArialRoundedMTBold
FamilyName:Arial Rounded MT Bold
StyleName:Regular
FullName:Arial Rounded MT Bold
MenuName:Arial Rounded MT Bold
StyleBits:0
WritingScript:Roman
OutlineFileName:C:\Users\JHON\Downloads\SIGIR\SIRI_GAM\Document fonts\ARLRDBD.TTF
DataFormat:sfntData
hasSVG:no
VariableFontType:NonVariableFont
FileLength:45260
FileModTime:1619546498
WeightClass:400
WidthClass:5
AngleClass:0
NameArray:0,Mac,4,Arial Rounded MT Bold
NameArray:0,Win,1,Arial Rounded MT Bold
%EndFont

%BeginFont
Handler:DirectoryHandler
FontType:Type1
FontName:MinionPro-Regular
FamilyName:Minion Pro
StyleName:Regular
FullName:Minion Pro
MenuName:Minion Pro
StyleBits:0
WritingScript:Roman
OutlineFileName:C:\Users\JHON\Downloads\SIGIR\SIRI_GAM\Document fonts\MinionPro-Regular.otf
DataFormat:sfntData
UsesStandardEncoding:yes
isCFF:yes
hasSVG:no
VariableFontType:NonVariableFont
FileLength:218640
FileModTime:1619546500
WeightClass:400
WidthClass:5
AngleClass:0
DesignSize:110
NameArray:0,Mac,4,Minion Pro
NameArray:0,Win,1,Minion Pro
%EndFont

